
*** src/lib.rs:83:9: replace | with & in writable

*** mutation diff:
--- src/lib.rs
+++ replace | with & in writable
@@ -75,17 +75,17 @@
     file | AccessFs::ReadDir
         | AccessFs::MakeReg
         | AccessFs::MakeDir
         | AccessFs::RemoveFile
         | AccessFs::RemoveDir
         | AccessFs::MakeSym
         | AccessFs::MakeSock
         | AccessFs::MakeFifo
-        | AccessFs::Refer
+        & /* ~ changed by cargo-mutants ~ */ AccessFs::Refer
 }
 
 /// A program must be readable to run. Both rights apply to files and to the
 /// files beneath a directory, so this does not vary.
 fn runnable(_dir: bool) -> BitFlags<AccessFs> {
     AccessFs::Execute | AccessFs::ReadFile
 }
 


*** /usr/local/rustup/toolchains/1.97.1-aarch64-unknown-linux-gnu/bin/cargo test --no-run --verbose --package=hlyn@0.0.1
       Fresh unicode-ident v1.0.24
       Fresh proc-macro2 v1.0.107
       Fresh quote v1.0.47
       Fresh syn v3.0.3
       Fresh syn v2.0.119
       Fresh libc v0.2.189
       Fresh thiserror-impl v2.0.19
       Fresh enumflags2_derive v0.7.12
       Fresh thiserror v2.0.19
       Fresh enumflags2 v0.7.12
       Fresh landlock v0.4.7
       Dirty hlyn v0.0.1 (/tmp/cargo-mutants-native-AeDWWo.tmp): the file `src/lib.rs` has changed (1785344200.985656004s, 330000000ns after last build at 1785344200.655656004s)
   Compiling hlyn v0.0.1 (/tmp/cargo-mutants-native-AeDWWo.tmp)
     Running `/usr/local/rustup/toolchains/1.97.1-aarch64-unknown-linux-gnu/bin/rustc --crate-name hlyn --edition=2021 src/lib.rs --error-format=json --json=diagnostic-rendered-ansi,artifacts,future-incompat --crate-type cdylib --crate-type rlib --emit=dep-info,link -C embed-bitcode=no -C debuginfo=2 --check-cfg 'cfg(docsrs,test)' --check-cfg 'cfg(feature, values())' -C metadata=846faa9f2ae614e7 --out-dir /tmp/cargo-mutants-native-AeDWWo.tmp/target/debug/deps -C incremental=/tmp/cargo-mutants-native-AeDWWo.tmp/target/debug/incremental -L dependency=/tmp/cargo-mutants-native-AeDWWo.tmp/target/debug/deps --extern landlock=/tmp/cargo-mutants-native-AeDWWo.tmp/target/debug/deps/liblandlock-67872747be24e4d2.rlib --extern libc=/tmp/cargo-mutants-native-AeDWWo.tmp/target/debug/deps/liblibc-36843709d2145305.rlib`
     Running `/usr/local/rustup/toolchains/1.97.1-aarch64-unknown-linux-gnu/bin/rustc --crate-name hlyn --edition=2021 src/lib.rs --error-format=json --json=diagnostic-rendered-ansi,artifacts,future-incompat --emit=dep-info,link -C embed-bitcode=no -C debuginfo=2 --test --check-cfg 'cfg(docsrs,test)' --check-cfg 'cfg(feature, values())' -C metadata=825c32eb730ec1c2 -C extra-filename=-de8b05fdfc6f9dae --out-dir /tmp/cargo-mutants-native-AeDWWo.tmp/target/debug/deps -C incremental=/tmp/cargo-mutants-native-AeDWWo.tmp/target/debug/incremental -L dependency=/tmp/cargo-mutants-native-AeDWWo.tmp/target/debug/deps --extern landlock=/tmp/cargo-mutants-native-AeDWWo.tmp/target/debug/deps/liblandlock-67872747be24e4d2.rlib --extern libc=/tmp/cargo-mutants-native-AeDWWo.tmp/target/debug/deps/liblibc-36843709d2145305.rlib`
    Finished `test` profile [unoptimized + debuginfo] target(s) in 0.27s
  Executable `/tmp/cargo-mutants-native-AeDWWo.tmp/target/debug/deps/hlyn-de8b05fdfc6f9dae`

*** result: Success

*** /usr/local/rustup/toolchains/1.97.1-aarch64-unknown-linux-gnu/bin/cargo test --verbose --package=hlyn@0.0.1
       Fresh unicode-ident v1.0.24
       Fresh proc-macro2 v1.0.107
       Fresh quote v1.0.47
       Fresh syn v3.0.3
       Fresh syn v2.0.119
       Fresh libc v0.2.189
       Fresh enumflags2_derive v0.7.12
       Fresh thiserror-impl v2.0.19
       Fresh enumflags2 v0.7.12
       Fresh thiserror v2.0.19
       Fresh landlock v0.4.7
       Fresh hlyn v0.0.1 (/tmp/cargo-mutants-native-AeDWWo.tmp)
    Finished `test` profile [unoptimized + debuginfo] target(s) in 0.02s
     Running `/tmp/cargo-mutants-native-AeDWWo.tmp/target/debug/deps/hlyn-de8b05fdfc6f9dae`

running 21 tests
test tests::a_count_shorter_than_the_array_borrows_only_that_many ... ok
test tests::a_malformed_plan_is_refused_before_anything_is_applied ... ok
test tests::a_null_array_with_a_nonzero_count_is_refused ... ok
test tests::a_null_entry_inside_the_array_is_refused ... ok
test tests::a_null_plan_is_refused_rather_than_dereferenced ... ok
test tests::a_path_that_is_not_utf8_is_refused ... ok
test tests::a_shorter_port_count_borrows_only_that_many ... ok
test tests::an_empty_list_needs_no_pointer ... ok
test tests::every_flag_is_a_distinct_single_bit ... ok
test tests::every_granted_right_is_one_the_target_abi_knows ... ok
test tests::execution_does_not_vary_with_the_kind_of_path ... ok
test tests::paths_are_borrowed_in_order ... ok
test tests::ports_follow_the_same_rules_as_paths ... ok
test tests::reading_a_file_does_not_require_directory_rights ... ok
test tests::reading_never_grants_writing ... ok
test tests::the_abi_query_agrees_with_whether_landlock_actually_works ... ok
test tests::the_return_codes_are_all_different ... ok
test tests::the_three_pickers_are_distinct ... ok
test tests::writing_a_directory_grants_what_an_atomic_write_needs ... FAILED
test tests::writing_a_file_grants_neither_creation_nor_removal ... ok
test tests::writing_never_grants_a_device_node_or_execution ... ok

failures:

---- tests::writing_a_directory_grants_what_an_atomic_write_needs stdout ----

thread 'tests::writing_a_directory_grants_what_an_atomic_write_needs' (2792) panicked at src/lib.rs:416:13:
a writable directory needs MakeFifo
note: run with `RUST_BACKTRACE=1` environment variable to display a backtrace


failures:
    tests::writing_a_directory_grants_what_an_atomic_write_needs

test result: FAILED. 20 passed; 1 failed; 0 ignored; 0 measured; 0 filtered out; finished in 0.01s

error: test failed, to rerun pass `-p hlyn --lib`

*** result: Failure(101)
