
*** baseline

*** /usr/local/rustup/toolchains/1.97.1-aarch64-unknown-linux-gnu/bin/cargo test --no-run --verbose --package=hlyn@0.0.1
    Updating crates.io index
 Downloading crates ...
  Downloaded enumflags2 v0.7.12
  Downloaded enumflags2_derive v0.7.12
  Downloaded quote v1.0.47
  Downloaded proc-macro2 v1.0.107
  Downloaded thiserror-impl v2.0.19
  Downloaded thiserror v2.0.19
  Downloaded landlock v0.4.7
  Downloaded unicode-ident v1.0.24
  Downloaded syn v2.0.119
  Downloaded syn v3.0.3
  Downloaded libc v0.2.189
   Compiling proc-macro2 v1.0.107
   Compiling quote v1.0.47
   Compiling unicode-ident v1.0.24
   Compiling libc v0.2.189
   Compiling thiserror v2.0.19
     Running `/usr/local/rustup/toolchains/1.97.1-aarch64-unknown-linux-gnu/bin/rustc --crate-name build_script_build --edition=2021 /usr/local/cargo/registry/src/index.crates.io-1949cf8c6b5b557f/proc-macro2-1.0.107/build.rs --error-format=json --json=diagnostic-rendered-ansi,artifacts,future-incompat --crate-type bin --emit=dep-info,link -C embed-bitcode=no --cfg 'feature="default"' --cfg 'feature="proc-macro"' --check-cfg 'cfg(docsrs,test)' --check-cfg 'cfg(feature, values("default", "nightly", "proc-macro", "span-locations"))' -C metadata=dee9fd36399aa6ed -C extra-filename=-46b32a4a3900eb6e --out-dir /tmp/cargo-mutants-native-2JRmPP.tmp/target/debug/build/proc-macro2-46b32a4a3900eb6e -L dependency=/tmp/cargo-mutants-native-2JRmPP.tmp/target/debug/deps --cap-lints allow`
     Running `/usr/local/rustup/toolchains/1.97.1-aarch64-unknown-linux-gnu/bin/rustc --crate-name build_script_build --edition=2021 /usr/local/cargo/registry/src/index.crates.io-1949cf8c6b5b557f/quote-1.0.47/build.rs --error-format=json --json=diagnostic-rendered-ansi,artifacts,future-incompat --crate-type bin --emit=dep-info,link -C embed-bitcode=no --cfg 'feature="default"' --cfg 'feature="proc-macro"' --check-cfg 'cfg(docsrs,test)' --check-cfg 'cfg(feature, values("default", "proc-macro"))' -C metadata=d05d70a603a9bfb1 -C extra-filename=-71e5a9193c203ee3 --out-dir /tmp/cargo-mutants-native-2JRmPP.tmp/target/debug/build/quote-71e5a9193c203ee3 -L dependency=/tmp/cargo-mutants-native-2JRmPP.tmp/target/debug/deps --cap-lints allow`
     Running `/usr/local/rustup/toolchains/1.97.1-aarch64-unknown-linux-gnu/bin/rustc --crate-name unicode_ident --edition=2021 /usr/local/cargo/registry/src/index.crates.io-1949cf8c6b5b557f/unicode-ident-1.0.24/src/lib.rs --error-format=json --json=diagnostic-rendered-ansi,artifacts,future-incompat --crate-type lib --emit=dep-info,metadata,link -C embed-bitcode=no --check-cfg 'cfg(docsrs,test)' --check-cfg 'cfg(feature, values())' -C metadata=597f4a1e88975c6f -C extra-filename=-689f5e67ecea6e7b --out-dir /tmp/cargo-mutants-native-2JRmPP.tmp/target/debug/deps -L dependency=/tmp/cargo-mutants-native-2JRmPP.tmp/target/debug/deps --cap-lints allow`
     Running `/usr/local/rustup/toolchains/1.97.1-aarch64-unknown-linux-gnu/bin/rustc --crate-name build_script_build --edition=2021 /usr/local/cargo/registry/src/index.crates.io-1949cf8c6b5b557f/libc-0.2.189/build.rs --error-format=json --json=diagnostic-rendered-ansi,artifacts,future-incompat --crate-type bin --emit=dep-info,link -C embed-bitcode=no --allow=unused_qualifications '--warn=clippy::unnecessary_semicolon' '--allow=clippy::unnecessary_cast' '--warn=clippy::ptr_as_ptr' '--allow=clippy::non_minimal_cfg' '--allow=clippy::missing_safety_doc' '--warn=clippy::map_unwrap_or' '--warn=clippy::manual_assert' '--allow=clippy::identity_op' '--warn=clippy::explicit_iter_loop' --cfg 'feature="default"' --cfg 'feature="std"' --check-cfg 'cfg(docsrs,test)' --check-cfg 'cfg(feature, values("align", "const-extern-fn", "default", "extra_traits", "rustc-dep-of-std", "rustc-std-workspace-core", "std", "use_std"))' -C metadata=03667a65b3530a0e -C extra-filename=-bbe3d4960c27e260 --out-dir /tmp/cargo-mutants-native-2JRmPP.tmp/target/debug/build/libc-bbe3d4960c27e260 -L dependency=/tmp/cargo-mutants-native-2JRmPP.tmp/target/debug/deps --cap-lints allow`
     Running `/usr/local/rustup/toolchains/1.97.1-aarch64-unknown-linux-gnu/bin/rustc --crate-name build_script_build --edition=2021 /usr/local/cargo/registry/src/index.crates.io-1949cf8c6b5b557f/thiserror-2.0.19/build.rs --error-format=json --json=diagnostic-rendered-ansi,artifacts,future-incompat --crate-type bin --emit=dep-info,link -C embed-bitcode=no --cfg 'feature="default"' --cfg 'feature="std"' --check-cfg 'cfg(docsrs,test)' --check-cfg 'cfg(feature, values("default", "std"))' -C metadata=a2b84dbe24139cbe -C extra-filename=-c85aa500636c261f --out-dir /tmp/cargo-mutants-native-2JRmPP.tmp/target/debug/build/thiserror-c85aa500636c261f -L dependency=/tmp/cargo-mutants-native-2JRmPP.tmp/target/debug/deps --cap-lints allow`
     Running `/tmp/cargo-mutants-native-2JRmPP.tmp/target/debug/build/quote-71e5a9193c203ee3/build-script-build`
     Running `/tmp/cargo-mutants-native-2JRmPP.tmp/target/debug/build/thiserror-c85aa500636c261f/build-script-build`
     Running `/tmp/cargo-mutants-native-2JRmPP.tmp/target/debug/build/proc-macro2-46b32a4a3900eb6e/build-script-build`
     Running `/tmp/cargo-mutants-native-2JRmPP.tmp/target/debug/build/libc-bbe3d4960c27e260/build-script-build`
     Running `/usr/local/rustup/toolchains/1.97.1-aarch64-unknown-linux-gnu/bin/rustc --crate-name libc --edition=2021 /usr/local/cargo/registry/src/index.crates.io-1949cf8c6b5b557f/libc-0.2.189/src/lib.rs --error-format=json --json=diagnostic-rendered-ansi,artifacts,future-incompat --crate-type lib --emit=dep-info,metadata,link -C embed-bitcode=no -C debuginfo=2 --allow=unused_qualifications '--warn=clippy::unnecessary_semicolon' '--allow=clippy::unnecessary_cast' '--warn=clippy::ptr_as_ptr' '--allow=clippy::non_minimal_cfg' '--allow=clippy::missing_safety_doc' '--warn=clippy::map_unwrap_or' '--warn=clippy::manual_assert' '--allow=clippy::identity_op' '--warn=clippy::explicit_iter_loop' --cfg 'feature="default"' --cfg 'feature="std"' --check-cfg 'cfg(docsrs,test)' --check-cfg 'cfg(feature, values("align", "const-extern-fn", "default", "extra_traits", "rustc-dep-of-std", "rustc-std-workspace-core", "std", "use_std"))' -C metadata=e53f387206f7fa56 -C extra-filename=-36843709d2145305 --out-dir /tmp/cargo-mutants-native-2JRmPP.tmp/target/debug/deps -L dependency=/tmp/cargo-mutants-native-2JRmPP.tmp/target/debug/deps --cap-lints allow --cfg freebsd12 --check-cfg 'cfg(emscripten_old_stat_abi)' --check-cfg 'cfg(espidf_picolibc)' --check-cfg 'cfg(espidf_time32)' --check-cfg 'cfg(freebsd10)' --check-cfg 'cfg(freebsd11)' --check-cfg 'cfg(freebsd12)' --check-cfg 'cfg(freebsd13)' --check-cfg 'cfg(freebsd14)' --check-cfg 'cfg(freebsd15)' --check-cfg 'cfg(gnu_file_offset_bits64)' --check-cfg 'cfg(gnu_time_bits64)' --check-cfg 'cfg(libc_deny_warnings)' --check-cfg 'cfg(linux_time_bits64)' --check-cfg 'cfg(musl_v1_2_3)' --check-cfg 'cfg(musl32_time64)' --check-cfg 'cfg(musl_redir_time64)' --check-cfg 'cfg(vxworks_lt_25_09)' --check-cfg 'cfg(libc_pauthtest)' --check-cfg 'cfg(target_os,values("switch","aix","ohos","hurd","rtems","visionos","nuttx","cygwin","qurt","qnx"))' --check-cfg 'cfg(target_env,values("illumos","wasi","aix","ohos","nto71_iosock"))' --check-cfg 'cfg(target_arch,values("loongarch64","mips32r6","mips64r6","csky"))'`
     Running `/usr/local/rustup/toolchains/1.97.1-aarch64-unknown-linux-gnu/bin/rustc --crate-name proc_macro2 --edition=2021 /usr/local/cargo/registry/src/index.crates.io-1949cf8c6b5b557f/proc-macro2-1.0.107/src/lib.rs --error-format=json --json=diagnostic-rendered-ansi,artifacts,future-incompat --crate-type lib --emit=dep-info,metadata,link -C embed-bitcode=no --cfg 'feature="default"' --cfg 'feature="proc-macro"' --check-cfg 'cfg(docsrs,test)' --check-cfg 'cfg(feature, values("default", "nightly", "proc-macro", "span-locations"))' -C metadata=3c44c6967c5260cc -C extra-filename=-946a2cbb91af7210 --out-dir /tmp/cargo-mutants-native-2JRmPP.tmp/target/debug/deps -L dependency=/tmp/cargo-mutants-native-2JRmPP.tmp/target/debug/deps --extern unicode_ident=/tmp/cargo-mutants-native-2JRmPP.tmp/target/debug/deps/libunicode_ident-689f5e67ecea6e7b.rmeta --cap-lints allow --cfg wrap_proc_macro --cfg proc_macro_span_location --cfg proc_macro_span_file --check-cfg 'cfg(fuzzing)' --check-cfg 'cfg(no_is_available)' --check-cfg 'cfg(no_literal_byte_character)' --check-cfg 'cfg(no_literal_c_string)' --check-cfg 'cfg(no_source_text)' --check-cfg 'cfg(proc_macro_span)' --check-cfg 'cfg(proc_macro_span_file)' --check-cfg 'cfg(proc_macro_span_location)' --check-cfg 'cfg(procmacro2_backtrace)' --check-cfg 'cfg(procmacro2_build_probe)' --check-cfg 'cfg(procmacro2_nightly_testing)' --check-cfg 'cfg(procmacro2_semver_exempt)' --check-cfg 'cfg(randomize_layout)' --check-cfg 'cfg(span_locations)' --check-cfg 'cfg(super_unstable)' --check-cfg 'cfg(wrap_proc_macro)'`
     Running `/usr/local/rustup/toolchains/1.97.1-aarch64-unknown-linux-gnu/bin/rustc --crate-name quote --edition=2021 /usr/local/cargo/registry/src/index.crates.io-1949cf8c6b5b557f/quote-1.0.47/src/lib.rs --error-format=json --json=diagnostic-rendered-ansi,artifacts,future-incompat --crate-type lib --emit=dep-info,metadata,link -C embed-bitcode=no --cfg 'feature="default"' --cfg 'feature="proc-macro"' --check-cfg 'cfg(docsrs,test)' --check-cfg 'cfg(feature, values("default", "proc-macro"))' -C metadata=d86deabf1c7b9879 -C extra-filename=-ce40e82f343469b7 --out-dir /tmp/cargo-mutants-native-2JRmPP.tmp/target/debug/deps -L dependency=/tmp/cargo-mutants-native-2JRmPP.tmp/target/debug/deps --extern proc_macro2=/tmp/cargo-mutants-native-2JRmPP.tmp/target/debug/deps/libproc_macro2-946a2cbb91af7210.rmeta --cap-lints allow --check-cfg 'cfg(no_diagnostic_namespace)'`
   Compiling syn v2.0.119
   Compiling syn v3.0.3
     Running `/usr/local/rustup/toolchains/1.97.1-aarch64-unknown-linux-gnu/bin/rustc --crate-name syn --edition=2021 /usr/local/cargo/registry/src/index.crates.io-1949cf8c6b5b557f/syn-2.0.119/src/lib.rs --error-format=json --json=diagnostic-rendered-ansi,artifacts,future-incompat --crate-type lib --emit=dep-info,metadata,link -C embed-bitcode=no --cfg 'feature="derive"' --cfg 'feature="parsing"' --cfg 'feature="printing"' --cfg 'feature="proc-macro"' --check-cfg 'cfg(docsrs,test)' --check-cfg 'cfg(feature, values("clone-impls", "default", "derive", "extra-traits", "fold", "full", "parsing", "printing", "proc-macro", "test", "visit", "visit-mut"))' -C metadata=04adcc226875dc8b -C extra-filename=-902a84a104c42227 --out-dir /tmp/cargo-mutants-native-2JRmPP.tmp/target/debug/deps -L dependency=/tmp/cargo-mutants-native-2JRmPP.tmp/target/debug/deps --extern proc_macro2=/tmp/cargo-mutants-native-2JRmPP.tmp/target/debug/deps/libproc_macro2-946a2cbb91af7210.rmeta --extern quote=/tmp/cargo-mutants-native-2JRmPP.tmp/target/debug/deps/libquote-ce40e82f343469b7.rmeta --extern unicode_ident=/tmp/cargo-mutants-native-2JRmPP.tmp/target/debug/deps/libunicode_ident-689f5e67ecea6e7b.rmeta --cap-lints allow`
     Running `/usr/local/rustup/toolchains/1.97.1-aarch64-unknown-linux-gnu/bin/rustc --crate-name syn --edition=2021 /usr/local/cargo/registry/src/index.crates.io-1949cf8c6b5b557f/syn-3.0.3/src/lib.rs --error-format=json --json=diagnostic-rendered-ansi,artifacts,future-incompat --crate-type lib --emit=dep-info,metadata,link -C embed-bitcode=no --cfg 'feature="clone-impls"' --cfg 'feature="default"' --cfg 'feature="derive"' --cfg 'feature="parsing"' --cfg 'feature="printing"' --cfg 'feature="proc-macro"' --check-cfg 'cfg(docsrs,test)' --check-cfg 'cfg(feature, values("clone-impls", "default", "derive", "extra-traits", "fold", "full", "parsing", "printing", "proc-macro", "test", "visit", "visit-mut"))' -C metadata=b06947ce49064d22 -C extra-filename=-d53daf0b2c43b8ca --out-dir /tmp/cargo-mutants-native-2JRmPP.tmp/target/debug/deps -L dependency=/tmp/cargo-mutants-native-2JRmPP.tmp/target/debug/deps --extern proc_macro2=/tmp/cargo-mutants-native-2JRmPP.tmp/target/debug/deps/libproc_macro2-946a2cbb91af7210.rmeta --extern quote=/tmp/cargo-mutants-native-2JRmPP.tmp/target/debug/deps/libquote-ce40e82f343469b7.rmeta --extern unicode_ident=/tmp/cargo-mutants-native-2JRmPP.tmp/target/debug/deps/libunicode_ident-689f5e67ecea6e7b.rmeta --cap-lints allow`
   Compiling enumflags2_derive v0.7.12
     Running `/usr/local/rustup/toolchains/1.97.1-aarch64-unknown-linux-gnu/bin/rustc --crate-name enumflags2_derive --edition=2018 /usr/local/cargo/registry/src/index.crates.io-1949cf8c6b5b557f/enumflags2_derive-0.7.12/src/lib.rs --error-format=json --json=diagnostic-rendered-ansi,artifacts,future-incompat --crate-type proc-macro --emit=dep-info,link -C prefer-dynamic -C embed-bitcode=no --check-cfg 'cfg(docsrs,test)' --check-cfg 'cfg(feature, values())' -C metadata=c1ea205be7305f5b -C extra-filename=-45e7e0e4d7e49ce1 --out-dir /tmp/cargo-mutants-native-2JRmPP.tmp/target/debug/deps -L dependency=/tmp/cargo-mutants-native-2JRmPP.tmp/target/debug/deps --extern proc_macro2=/tmp/cargo-mutants-native-2JRmPP.tmp/target/debug/deps/libproc_macro2-946a2cbb91af7210.rlib --extern quote=/tmp/cargo-mutants-native-2JRmPP.tmp/target/debug/deps/libquote-ce40e82f343469b7.rlib --extern syn=/tmp/cargo-mutants-native-2JRmPP.tmp/target/debug/deps/libsyn-902a84a104c42227.rlib --extern proc_macro --cap-lints allow`
   Compiling thiserror-impl v2.0.19
     Running `/usr/local/rustup/toolchains/1.97.1-aarch64-unknown-linux-gnu/bin/rustc --crate-name thiserror_impl --edition=2021 /usr/local/cargo/registry/src/index.crates.io-1949cf8c6b5b557f/thiserror-impl-2.0.19/src/lib.rs --error-format=json --json=diagnostic-rendered-ansi,artifacts,future-incompat --crate-type proc-macro --emit=dep-info,link -C prefer-dynamic -C embed-bitcode=no --check-cfg 'cfg(docsrs,test)' --check-cfg 'cfg(feature, values())' -C metadata=d61bc9ab4da339a5 -C extra-filename=-9065abbb0514116a --out-dir /tmp/cargo-mutants-native-2JRmPP.tmp/target/debug/deps -L dependency=/tmp/cargo-mutants-native-2JRmPP.tmp/target/debug/deps --extern proc_macro2=/tmp/cargo-mutants-native-2JRmPP.tmp/target/debug/deps/libproc_macro2-946a2cbb91af7210.rlib --extern quote=/tmp/cargo-mutants-native-2JRmPP.tmp/target/debug/deps/libquote-ce40e82f343469b7.rlib --extern syn=/tmp/cargo-mutants-native-2JRmPP.tmp/target/debug/deps/libsyn-d53daf0b2c43b8ca.rlib --extern proc_macro --cap-lints allow`
   Compiling enumflags2 v0.7.12
     Running `/usr/local/rustup/toolchains/1.97.1-aarch64-unknown-linux-gnu/bin/rustc --crate-name enumflags2 --edition=2018 /usr/local/cargo/registry/src/index.crates.io-1949cf8c6b5b557f/enumflags2-0.7.12/src/lib.rs --error-format=json --json=diagnostic-rendered-ansi,artifacts,future-incompat --crate-type lib --emit=dep-info,metadata,link -C embed-bitcode=no -C debuginfo=2 --check-cfg 'cfg(docsrs,test)' --check-cfg 'cfg(feature, values("serde", "std"))' -C metadata=745b3c89786b10b2 -C extra-filename=-5314cfb9b5eb7517 --out-dir /tmp/cargo-mutants-native-2JRmPP.tmp/target/debug/deps -L dependency=/tmp/cargo-mutants-native-2JRmPP.tmp/target/debug/deps --extern enumflags2_derive=/tmp/cargo-mutants-native-2JRmPP.tmp/target/debug/deps/libenumflags2_derive-45e7e0e4d7e49ce1.so --cap-lints allow`
     Running `/usr/local/rustup/toolchains/1.97.1-aarch64-unknown-linux-gnu/bin/rustc --crate-name thiserror --edition=2021 /usr/local/cargo/registry/src/index.crates.io-1949cf8c6b5b557f/thiserror-2.0.19/src/lib.rs --error-format=json --json=diagnostic-rendered-ansi,artifacts,future-incompat --crate-type lib --emit=dep-info,metadata,link -C embed-bitcode=no -C debuginfo=2 --cfg 'feature="default"' --cfg 'feature="std"' --check-cfg 'cfg(docsrs,test)' --check-cfg 'cfg(feature, values("default", "std"))' -C metadata=d2257f603b379c58 -C extra-filename=-476330cab34c5707 --out-dir /tmp/cargo-mutants-native-2JRmPP.tmp/target/debug/deps -L dependency=/tmp/cargo-mutants-native-2JRmPP.tmp/target/debug/deps --extern thiserror_impl=/tmp/cargo-mutants-native-2JRmPP.tmp/target/debug/deps/libthiserror_impl-9065abbb0514116a.so --cap-lints allow --check-cfg 'cfg(error_generic_member_access)' --check-cfg 'cfg(thiserror_nightly_testing)' --check-cfg 'cfg(thiserror_no_backtrace_type)'`
   Compiling landlock v0.4.7
     Running `/usr/local/rustup/toolchains/1.97.1-aarch64-unknown-linux-gnu/bin/rustc --crate-name landlock --edition=2021 /usr/local/cargo/registry/src/index.crates.io-1949cf8c6b5b557f/landlock-0.4.7/src/lib.rs --error-format=json --json=diagnostic-rendered-ansi,artifacts,future-incompat --crate-type lib --emit=dep-info,metadata,link -C embed-bitcode=no -C debuginfo=2 --check-cfg 'cfg(docsrs,test)' --check-cfg 'cfg(feature, values())' -C metadata=99c76c3606125026 -C extra-filename=-67872747be24e4d2 --out-dir /tmp/cargo-mutants-native-2JRmPP.tmp/target/debug/deps -L dependency=/tmp/cargo-mutants-native-2JRmPP.tmp/target/debug/deps --extern enumflags2=/tmp/cargo-mutants-native-2JRmPP.tmp/target/debug/deps/libenumflags2-5314cfb9b5eb7517.rmeta --extern libc=/tmp/cargo-mutants-native-2JRmPP.tmp/target/debug/deps/liblibc-36843709d2145305.rmeta --extern thiserror=/tmp/cargo-mutants-native-2JRmPP.tmp/target/debug/deps/libthiserror-476330cab34c5707.rmeta --cap-lints allow`
   Compiling hlyn v0.0.1 (/tmp/cargo-mutants-native-2JRmPP.tmp)
     Running `/usr/local/rustup/toolchains/1.97.1-aarch64-unknown-linux-gnu/bin/rustc --crate-name hlyn --edition=2021 src/lib.rs --error-format=json --json=diagnostic-rendered-ansi,artifacts,future-incompat --crate-type cdylib --crate-type rlib --emit=dep-info,link -C embed-bitcode=no -C debuginfo=2 --check-cfg 'cfg(docsrs,test)' --check-cfg 'cfg(feature, values())' -C metadata=846faa9f2ae614e7 --out-dir /tmp/cargo-mutants-native-2JRmPP.tmp/target/debug/deps -C incremental=/tmp/cargo-mutants-native-2JRmPP.tmp/target/debug/incremental -L dependency=/tmp/cargo-mutants-native-2JRmPP.tmp/target/debug/deps --extern landlock=/tmp/cargo-mutants-native-2JRmPP.tmp/target/debug/deps/liblandlock-67872747be24e4d2.rlib --extern libc=/tmp/cargo-mutants-native-2JRmPP.tmp/target/debug/deps/liblibc-36843709d2145305.rlib`
     Running `/usr/local/rustup/toolchains/1.97.1-aarch64-unknown-linux-gnu/bin/rustc --crate-name hlyn --edition=2021 src/lib.rs --error-format=json --json=diagnostic-rendered-ansi,artifacts,future-incompat --emit=dep-info,link -C embed-bitcode=no -C debuginfo=2 --test --check-cfg 'cfg(docsrs,test)' --check-cfg 'cfg(feature, values())' -C metadata=825c32eb730ec1c2 -C extra-filename=-de8b05fdfc6f9dae --out-dir /tmp/cargo-mutants-native-2JRmPP.tmp/target/debug/deps -C incremental=/tmp/cargo-mutants-native-2JRmPP.tmp/target/debug/incremental -L dependency=/tmp/cargo-mutants-native-2JRmPP.tmp/target/debug/deps --extern landlock=/tmp/cargo-mutants-native-2JRmPP.tmp/target/debug/deps/liblandlock-67872747be24e4d2.rlib --extern libc=/tmp/cargo-mutants-native-2JRmPP.tmp/target/debug/deps/liblibc-36843709d2145305.rlib`
    Finished `test` profile [unoptimized + debuginfo] target(s) in 4.08s
  Executable `/tmp/cargo-mutants-native-2JRmPP.tmp/target/debug/deps/hlyn-de8b05fdfc6f9dae`

*** result: Success

*** /usr/local/rustup/toolchains/1.97.1-aarch64-unknown-linux-gnu/bin/cargo test --verbose --package=hlyn@0.0.1
       Fresh unicode-ident v1.0.24
       Fresh proc-macro2 v1.0.107
       Fresh quote v1.0.47
       Fresh syn v2.0.119
       Fresh syn v3.0.3
       Fresh libc v0.2.189
       Fresh thiserror-impl v2.0.19
       Fresh enumflags2_derive v0.7.12
       Fresh enumflags2 v0.7.12
       Fresh thiserror v2.0.19
       Fresh landlock v0.4.7
       Fresh hlyn v0.0.1 (/tmp/cargo-mutants-native-2JRmPP.tmp)
    Finished `test` profile [unoptimized + debuginfo] target(s) in 0.02s
     Running `/tmp/cargo-mutants-native-2JRmPP.tmp/target/debug/deps/hlyn-de8b05fdfc6f9dae`

running 21 tests
test tests::a_count_shorter_than_the_array_borrows_only_that_many ... ok
test tests::a_null_array_with_a_nonzero_count_is_refused ... ok
test tests::a_malformed_plan_is_refused_before_anything_is_applied ... ok
test tests::a_null_entry_inside_the_array_is_refused ... ok
test tests::a_null_plan_is_refused_rather_than_dereferenced ... ok
test tests::a_path_that_is_not_utf8_is_refused ... ok
test tests::a_shorter_port_count_borrows_only_that_many ... ok
test tests::an_empty_list_needs_no_pointer ... ok
test tests::every_flag_is_a_distinct_single_bit ... ok
test tests::every_granted_right_is_one_the_target_abi_knows ... ok
test tests::execution_does_not_vary_with_the_kind_of_path ... ok
test tests::paths_are_borrowed_in_order ... ok
test tests::ports_follow_the_same_rules_as_paths ... ok
test tests::reading_a_file_does_not_require_directory_rights ... ok
test tests::reading_never_grants_writing ... ok
test tests::the_abi_query_agrees_with_whether_landlock_actually_works ... ok
test tests::the_return_codes_are_all_different ... ok
test tests::the_three_pickers_are_distinct ... ok
test tests::writing_a_directory_grants_what_an_atomic_write_needs ... ok
test tests::writing_a_file_grants_neither_creation_nor_removal ... ok
test tests::writing_never_grants_a_device_node_or_execution ... ok

test result: ok. 21 passed; 0 failed; 0 ignored; 0 measured; 0 filtered out; finished in 0.01s

   Doc-tests hlyn
     Running `/usr/local/rustup/toolchains/1.97.1-aarch64-unknown-linux-gnu/bin/rustdoc --edition=2021 --crate-type cdylib --crate-type rlib --color auto --crate-name hlyn --test src/lib.rs --test-run-directory /tmp/cargo-mutants-native-2JRmPP.tmp --extern hlyn=/tmp/cargo-mutants-native-2JRmPP.tmp/target/debug/deps/libhlyn.rlib --extern landlock=/tmp/cargo-mutants-native-2JRmPP.tmp/target/debug/deps/liblandlock-67872747be24e4d2.rlib --extern libc=/tmp/cargo-mutants-native-2JRmPP.tmp/target/debug/deps/liblibc-36843709d2145305.rlib -L dependency=/tmp/cargo-mutants-native-2JRmPP.tmp/target/debug/deps -C embed-bitcode=no --check-cfg 'cfg(docsrs,test)' --check-cfg 'cfg(feature, values())' --error-format human`

running 0 tests

test result: ok. 0 passed; 0 failed; 0 ignored; 0 measured; 0 filtered out; finished in 0.00s


*** result: Success
