
*** src/lib.rs:89:5: replace runnable -> BitFlags<AccessFs> with BitFlags::from_iter([Default::default()])

*** mutation diff:
--- src/lib.rs
+++ replace runnable -> BitFlags<AccessFs> with BitFlags::from_iter([Default::default()])
@@ -81,17 +81,17 @@
         | AccessFs::MakeSock
         | AccessFs::MakeFifo
         | AccessFs::Refer
 }
 
 /// A program must be readable to run. Both rights apply to files and to the
 /// files beneath a directory, so this does not vary.
 fn runnable(_dir: bool) -> BitFlags<AccessFs> {
-    AccessFs::Execute | AccessFs::ReadFile
+    BitFlags::from_iter([Default::default()]) /* ~ changed by cargo-mutants ~ */
 }
 
 /// Borrow a C string array as paths.
 unsafe fn list(items: *const *const c_char, count: usize) -> Option<Vec<&'static str>> {
     if count == 0 {
         return Some(Vec::new());
     }
     if items.is_null() {


*** /usr/local/rustup/toolchains/1.97.1-aarch64-unknown-linux-gnu/bin/cargo test --no-run --verbose --package=hlyn@0.0.1
       Fresh unicode-ident v1.0.24
       Fresh proc-macro2 v1.0.107
       Fresh quote v1.0.47
       Fresh libc v0.2.189
       Fresh syn v2.0.119
       Fresh syn v3.0.3
       Fresh enumflags2_derive v0.7.12
       Fresh thiserror-impl v2.0.19
       Fresh enumflags2 v0.7.12
       Fresh thiserror v2.0.19
       Fresh landlock v0.4.7
       Dirty hlyn v0.0.1 (/tmp/cargo-mutants-native-2JRmPP.tmp): the file `src/lib.rs` has changed (1785344255.479079001s, 439000000ns after last build at 1785344255.040079001s)
   Compiling hlyn v0.0.1 (/tmp/cargo-mutants-native-2JRmPP.tmp)
     Running `/usr/local/rustup/toolchains/1.97.1-aarch64-unknown-linux-gnu/bin/rustc --crate-name hlyn --edition=2021 src/lib.rs --error-format=json --json=diagnostic-rendered-ansi,artifacts,future-incompat --crate-type cdylib --crate-type rlib --emit=dep-info,link -C embed-bitcode=no -C debuginfo=2 --check-cfg 'cfg(docsrs,test)' --check-cfg 'cfg(feature, values())' -C metadata=846faa9f2ae614e7 --out-dir /tmp/cargo-mutants-native-2JRmPP.tmp/target/debug/deps -C incremental=/tmp/cargo-mutants-native-2JRmPP.tmp/target/debug/incremental -L dependency=/tmp/cargo-mutants-native-2JRmPP.tmp/target/debug/deps --extern landlock=/tmp/cargo-mutants-native-2JRmPP.tmp/target/debug/deps/liblandlock-67872747be24e4d2.rlib --extern libc=/tmp/cargo-mutants-native-2JRmPP.tmp/target/debug/deps/liblibc-36843709d2145305.rlib`
     Running `/usr/local/rustup/toolchains/1.97.1-aarch64-unknown-linux-gnu/bin/rustc --crate-name hlyn --edition=2021 src/lib.rs --error-format=json --json=diagnostic-rendered-ansi,artifacts,future-incompat --emit=dep-info,link -C embed-bitcode=no -C debuginfo=2 --test --check-cfg 'cfg(docsrs,test)' --check-cfg 'cfg(feature, values())' -C metadata=825c32eb730ec1c2 -C extra-filename=-de8b05fdfc6f9dae --out-dir /tmp/cargo-mutants-native-2JRmPP.tmp/target/debug/deps -C incremental=/tmp/cargo-mutants-native-2JRmPP.tmp/target/debug/incremental -L dependency=/tmp/cargo-mutants-native-2JRmPP.tmp/target/debug/deps --extern landlock=/tmp/cargo-mutants-native-2JRmPP.tmp/target/debug/deps/liblandlock-67872747be24e4d2.rlib --extern libc=/tmp/cargo-mutants-native-2JRmPP.tmp/target/debug/deps/liblibc-36843709d2145305.rlib`
error[E0283]: type annotations needed
  --> src/lib.rs:89:5
   |
89 |     BitFlags::from_iter([Default::default()]) /* ~ changed by cargo-mutants ~ */
   |     ^^^^^^^^^^^^^^^^^^^ cannot infer type of the type parameter `T` declared on the associated function `from_iter`
   |
   = note: the type must implement `Into<BitFlags<AccessFs, u64>>`
   = note: required for `BitFlags<AccessFs, u64>` to implement `FromIterator<_>`
help: consider specifying a concrete type for the type parameter `T`
   |
89 |     BitFlags::from_iter::</* Type */>([Default::default()]) /* ~ changed by cargo-mutants ~ */
   |                        ++++++++++++++

error[E0283]: type annotations needed
  --> src/lib.rs:89:5
   |
89 |     BitFlags::from_iter([Default::default()]) /* ~ changed by cargo-mutants ~ */
   |     ^^^^^^^^^^^^^^^^^^^ cannot infer type of the type parameter `T` declared on the associated function `from_iter`
   |
   = note: the type must implement `Into<BitFlags<landlock::AccessFs, u64>>`
   = note: required for `BitFlags<landlock::AccessFs, u64>` to implement `FromIterator<_>`
help: consider specifying a concrete type for the type parameter `T`
   |
89 |     BitFlags::from_iter::</* Type */>([Default::default()]) /* ~ changed by cargo-mutants ~ */
   |                        ++++++++++++++

For more information about this error, try `rustc --explain E0283`.
error: could not compile `hlyn` (lib) due to 1 previous error

Caused by:
  process didn't exit successfully: `/usr/local/rustup/toolchains/1.97.1-aarch64-unknown-linux-gnu/bin/rustc --crate-name hlyn --edition=2021 src/lib.rs --error-format=json --json=diagnostic-rendered-ansi,artifacts,future-incompat --crate-type cdylib --crate-type rlib --emit=dep-info,link -C embed-bitcode=no -C debuginfo=2 --check-cfg 'cfg(docsrs,test)' --check-cfg 'cfg(feature, values())' -C metadata=846faa9f2ae614e7 --out-dir /tmp/cargo-mutants-native-2JRmPP.tmp/target/debug/deps -C incremental=/tmp/cargo-mutants-native-2JRmPP.tmp/target/debug/incremental -L dependency=/tmp/cargo-mutants-native-2JRmPP.tmp/target/debug/deps --extern landlock=/tmp/cargo-mutants-native-2JRmPP.tmp/target/debug/deps/liblandlock-67872747be24e4d2.rlib --extern libc=/tmp/cargo-mutants-native-2JRmPP.tmp/target/debug/deps/liblibc-36843709d2145305.rlib` (exit status: 1)
warning: build failed, waiting for other jobs to finish...
error: could not compile `hlyn` (lib test) due to 1 previous error

Caused by:
  process didn't exit successfully: `/usr/local/rustup/toolchains/1.97.1-aarch64-unknown-linux-gnu/bin/rustc --crate-name hlyn --edition=2021 src/lib.rs --error-format=json --json=diagnostic-rendered-ansi,artifacts,future-incompat --emit=dep-info,link -C embed-bitcode=no -C debuginfo=2 --test --check-cfg 'cfg(docsrs,test)' --check-cfg 'cfg(feature, values())' -C metadata=825c32eb730ec1c2 -C extra-filename=-de8b05fdfc6f9dae --out-dir /tmp/cargo-mutants-native-2JRmPP.tmp/target/debug/deps -C incremental=/tmp/cargo-mutants-native-2JRmPP.tmp/target/debug/incremental -L dependency=/tmp/cargo-mutants-native-2JRmPP.tmp/target/debug/deps --extern landlock=/tmp/cargo-mutants-native-2JRmPP.tmp/target/debug/deps/liblandlock-67872747be24e4d2.rlib --extern libc=/tmp/cargo-mutants-native-2JRmPP.tmp/target/debug/deps/liblibc-36843709d2145305.rlib` (exit status: 1)

*** result: Failure(101)
