
*** src/lib.rs:71:5: replace writable -> BitFlags<AccessFs> with BitFlags::new(Default::default())

*** mutation diff:
--- src/lib.rs
+++ replace writable -> BitFlags<AccessFs> with BitFlags::new(Default::default())
@@ -63,29 +63,17 @@
     }
 }
 
 /// `Refer` is included for directories because atomic writes rename a
 /// temporary file into place, which crosses directories and is refused
 /// without it. Device and block node creation are deliberately absent:
 /// nothing an agent legitimately does requires minting a device.
 fn writable(dir: bool) -> BitFlags<AccessFs> {
-    let file = AccessFs::WriteFile | AccessFs::ReadFile | AccessFs::Truncate;
-    if !dir {
-        return file;
-    }
-    file | AccessFs::ReadDir
-        | AccessFs::MakeReg
-        | AccessFs::MakeDir
-        | AccessFs::RemoveFile
-        | AccessFs::RemoveDir
-        | AccessFs::MakeSym
-        | AccessFs::MakeSock
-        | AccessFs::MakeFifo
-        | AccessFs::Refer
+    BitFlags::new(Default::default()) /* ~ changed by cargo-mutants ~ */
 }
 
 /// A program must be readable to run. Both rights apply to files and to the
 /// files beneath a directory, so this does not vary.
 fn runnable(_dir: bool) -> BitFlags<AccessFs> {
     AccessFs::Execute | AccessFs::ReadFile
 }
 


*** /usr/local/rustup/toolchains/1.97.1-aarch64-unknown-linux-gnu/bin/cargo test --no-run --verbose --package=hlyn@0.0.1
       Fresh unicode-ident v1.0.24
       Fresh proc-macro2 v1.0.107
       Fresh quote v1.0.47
       Fresh syn v2.0.119
       Fresh syn v3.0.3
       Fresh libc v0.2.189
       Fresh enumflags2_derive v0.7.12
       Fresh thiserror-impl v2.0.19
       Fresh thiserror v2.0.19
       Fresh enumflags2 v0.7.12
       Fresh landlock v0.4.7
       Dirty hlyn v0.0.1 (/tmp/cargo-mutants-native-2JRmPP.tmp): the file `src/lib.rs` has changed (1785344251.011635014s, 1s after last build at 1785344250.367635013s)
   Compiling hlyn v0.0.1 (/tmp/cargo-mutants-native-2JRmPP.tmp)
     Running `/usr/local/rustup/toolchains/1.97.1-aarch64-unknown-linux-gnu/bin/rustc --crate-name hlyn --edition=2021 src/lib.rs --error-format=json --json=diagnostic-rendered-ansi,artifacts,future-incompat --crate-type cdylib --crate-type rlib --emit=dep-info,link -C embed-bitcode=no -C debuginfo=2 --check-cfg 'cfg(docsrs,test)' --check-cfg 'cfg(feature, values())' -C metadata=846faa9f2ae614e7 --out-dir /tmp/cargo-mutants-native-2JRmPP.tmp/target/debug/deps -C incremental=/tmp/cargo-mutants-native-2JRmPP.tmp/target/debug/incremental -L dependency=/tmp/cargo-mutants-native-2JRmPP.tmp/target/debug/deps --extern landlock=/tmp/cargo-mutants-native-2JRmPP.tmp/target/debug/deps/liblandlock-67872747be24e4d2.rlib --extern libc=/tmp/cargo-mutants-native-2JRmPP.tmp/target/debug/deps/liblibc-36843709d2145305.rlib`
     Running `/usr/local/rustup/toolchains/1.97.1-aarch64-unknown-linux-gnu/bin/rustc --crate-name hlyn --edition=2021 src/lib.rs --error-format=json --json=diagnostic-rendered-ansi,artifacts,future-incompat --emit=dep-info,link -C embed-bitcode=no -C debuginfo=2 --test --check-cfg 'cfg(docsrs,test)' --check-cfg 'cfg(feature, values())' -C metadata=825c32eb730ec1c2 -C extra-filename=-de8b05fdfc6f9dae --out-dir /tmp/cargo-mutants-native-2JRmPP.tmp/target/debug/deps -C incremental=/tmp/cargo-mutants-native-2JRmPP.tmp/target/debug/incremental -L dependency=/tmp/cargo-mutants-native-2JRmPP.tmp/target/debug/deps --extern landlock=/tmp/cargo-mutants-native-2JRmPP.tmp/target/debug/deps/liblandlock-67872747be24e4d2.rlib --extern libc=/tmp/cargo-mutants-native-2JRmPP.tmp/target/debug/deps/liblibc-36843709d2145305.rlib`
error[E0599]: no associated function or constant named `new` found for struct `BitFlags<T, N>` in the current scope
   --> src/lib.rs:71:15
    |
 71 |     BitFlags::new(Default::default()) /* ~ changed by cargo-mutants ~ */
    |               ^^^ associated function or constant not found in `BitFlags<_, _>`
    |
note: if you're trying to build a new `BitFlags<_, _>` consider using one of the following associated functions:
      BitFlags::<T>::from_bits
      BitFlags::<T>::from_bits_truncate
      BitFlags::<T>::from_bits_unchecked
      BitFlags::<T>::from_flag
      and 2 others
   --> /usr/local/cargo/registry/src/index.crates.io-1949cf8c6b5b557f/enumflags2-0.7.12/src/lib.rs:643:5
    |
643 |     pub fn from_bits(bits: T::Numeric) -> Result<Self, FromBitsError<T>> {
    |     ^^^^^^^^^^^^^^^^^^^^^^^^^^^^^^^^^^^^^^^^^^^^^^^^^^^^^^^^^^^^^^^^^^^^
...
679 |     pub fn from_bits_truncate(bits: T::Numeric) -> Self {
    |     ^^^^^^^^^^^^^^^^^^^^^^^^^^^^^^^^^^^^^^^^^^^^^^^^^^^
...
718 |     pub unsafe fn from_bits_unchecked(val: T::Numeric) -> Self {
    |     ^^^^^^^^^^^^^^^^^^^^^^^^^^^^^^^^^^^^^^^^^^^^^^^^^^^^^^^^^^
...
728 |     pub fn from_flag(flag: T) -> Self {
    |     ^^^^^^^^^^^^^^^^^^^^^^^^^^^^^^^^^
help: there is a method `ne` with a similar name
    |
 71 -     BitFlags::new(Default::default()) /* ~ changed by cargo-mutants ~ */
 71 +     BitFlags::ne(Default::default()) /* ~ changed by cargo-mutants ~ */
    |

For more information about this error, try `rustc --explain E0599`.
error: could not compile `hlyn` (lib) due to 1 previous error

Caused by:
  process didn't exit successfully: `/usr/local/rustup/toolchains/1.97.1-aarch64-unknown-linux-gnu/bin/rustc --crate-name hlyn --edition=2021 src/lib.rs --error-format=json --json=diagnostic-rendered-ansi,artifacts,future-incompat --crate-type cdylib --crate-type rlib --emit=dep-info,link -C embed-bitcode=no -C debuginfo=2 --check-cfg 'cfg(docsrs,test)' --check-cfg 'cfg(feature, values())' -C metadata=846faa9f2ae614e7 --out-dir /tmp/cargo-mutants-native-2JRmPP.tmp/target/debug/deps -C incremental=/tmp/cargo-mutants-native-2JRmPP.tmp/target/debug/incremental -L dependency=/tmp/cargo-mutants-native-2JRmPP.tmp/target/debug/deps --extern landlock=/tmp/cargo-mutants-native-2JRmPP.tmp/target/debug/deps/liblandlock-67872747be24e4d2.rlib --extern libc=/tmp/cargo-mutants-native-2JRmPP.tmp/target/debug/deps/liblibc-36843709d2145305.rlib` (exit status: 1)
warning: build failed, waiting for other jobs to finish...
error: could not compile `hlyn` (lib test) due to 1 previous error

Caused by:
  process didn't exit successfully: `/usr/local/rustup/toolchains/1.97.1-aarch64-unknown-linux-gnu/bin/rustc --crate-name hlyn --edition=2021 src/lib.rs --error-format=json --json=diagnostic-rendered-ansi,artifacts,future-incompat --emit=dep-info,link -C embed-bitcode=no -C debuginfo=2 --test --check-cfg 'cfg(docsrs,test)' --check-cfg 'cfg(feature, values())' -C metadata=825c32eb730ec1c2 -C extra-filename=-de8b05fdfc6f9dae --out-dir /tmp/cargo-mutants-native-2JRmPP.tmp/target/debug/deps -C incremental=/tmp/cargo-mutants-native-2JRmPP.tmp/target/debug/incremental -L dependency=/tmp/cargo-mutants-native-2JRmPP.tmp/target/debug/deps --extern landlock=/tmp/cargo-mutants-native-2JRmPP.tmp/target/debug/deps/liblandlock-67872747be24e4d2.rlib --extern libc=/tmp/cargo-mutants-native-2JRmPP.tmp/target/debug/deps/liblibc-36843709d2145305.rlib` (exit status: 1)

*** result: Failure(101)
